Verified UEFI boot catalog entry (/efiboot.img) in builddir/slop.iso
[2J[01;01H[=3h[2J[01;01H[2J[01;01H[8;056;240t0[2J[01;01HBdsDxe: loading Boot0002 "UEFI QEMU DVD-ROM QM00013 " from PciRoot(0x0)/Pci(0x3,0x0)/Sata(0x0,0xFFFF,0x0)
BdsDxe: starting Boot0002 "UEFI QEMU DVD-ROM QM00013 " from PciRoot(0x0)/Pci(0x3,0x0)/Sata(0x0,0xFFFF,0x0)
Booting SlopOS kernel directly from cd0
error: no suitable video mode found.
!!!! X64 Exception Type - 0E(#PF - Page-Fault)  CPU Apic ID - 00000000 !!!!
ExceptionData - 0000000000000003  I:0 R:0 U:0 W:1 P:1 PK:0 SS:0 SGX:0
RIP  - 000000001BB3922E, CS  - 0000000000000038, RFLAGS - 0000000000210046
RAX  - 0000000036D76289, RCX - 000000001B3A1060, RDX - 0000000000000000
RBX  - 0000000000000000, RSP - 000000001FE9B350, RBP - 000000001FE9B380
RSI  - 000000001D17C72B, RDI - 000000001B02C880
R8   - 000000001B3A1060, R9  - 000000000000D000, R10 - 000000001D1778F4
R11  - 0000000000000012, R12 - 00000000000000F0, R13 - 000000001B3A5740
R14  - 000000001BB397A0, R15 - 000000001B4577E0
DS   - 0000000000000030, ES  - 0000000000000030, FS  - 0000000000000030
GS   - 0000000000000030, SS  - 0000000000000030
CR0  - 0000000080010033, CR2 - 000000001BB39848, CR3 - 000000001F801000
CR4  - 0000000000000668, CR8 - 0000000000000000
DR0  - 0000000000000000, DR1 - 0000000000000000, DR2 - 0000000000000000
DR3  - 0000000000000000, DR6 - 00000000FFFF0FF0, DR7 - 0000000000000400
GDTR - 000000001F5DC000 0000000000000047, LDTR - 0000000000000000
IDTR - 000000001F010018 0000000000000FFF,   TR - 0000000000000000
FXSAVE_STATE - 000000001FE9AFB0
!!!! Find image based on IP(0x1BB3922E) (No PDB)  (ImageBase=000000001B0C9AC0, EntryPoint=000000001B0CAAC0) !!!!
qemu-system-x86_64: terminating on signal 15 from pid 9898 (timeout)
